ARM Linker, 5.03 [Build 76] [MDK-ARM Lite]

==============================================================================

Section Cross References

    startup_tm4c123.o(RESET) refers to startup_tm4c123.o(STACK) for __initial_sp
    startup_tm4c123.o(RESET) refers to startup_tm4c123.o(.text) for Reset_Handler
    startup_tm4c123.o(.text) refers to entry.o(.ARM.Collect$$$$00000000) for __main
    main.o(.text) refers to uart.o(.text) for PORTA_UART_INIT
    main.o(.text) refers to gpio.o(.text) for PORTF_INIT
    main.o(.text) refers to memcpya.o(.text) for __aeabi_memcpy4
    main.o(.text) refers to gps.o(.text) for split_str
    main.o(.text) refers to main.o(.constdata) for .constdata
    main.o(.text) refers to main.o(.bss) for Coordinates
    gps.o(.text) refers to strtok.o(.text) for strtok
    gps.o(.text) refers to atof.o(i.__hardfp_atof) for __hardfp_atof
    gps.o(.text) refers to d2f.o(.text) for __aeabi_d2f
    gps.o(.text) refers to main.o(.bss) for Coordinates
    gps.o(.text) refers to gps.o(.data) for i
    atof.o(i.__hardfp_atof) refers (Special) to iusefp.o(.text) for __I$use$fp
    atof.o(i.__hardfp_atof) refers to errno.o(i.__read_errno) for __read_errno
    atof.o(i.__hardfp_atof) refers to strtod.o(.text) for __strtod_int
    atof.o(i.__hardfp_atof) refers to errno.o(i.__set_errno) for __set_errno
    atof.o(i.__softfp_atof) refers (Special) to iusefp.o(.text) for __I$use$fp
    atof.o(i.__softfp_atof) refers to errno.o(i.__read_errno) for __read_errno
    atof.o(i.__softfp_atof) refers to strtod.o(.text) for __strtod_int
    atof.o(i.__softfp_atof) refers to errno.o(i.__set_errno) for __set_errno
    atof.o(i.atof) refers (Special) to iusefp.o(.text) for __I$use$fp
    atof.o(i.atof) refers to errno.o(i.__read_errno) for __read_errno
    atof.o(i.atof) refers to strtod.o(.text) for __strtod_int
    atof.o(i.atof) refers to errno.o(i.__set_errno) for __set_errno
    entry.o(.ARM.Collect$$$$00000000) refers (Special) to entry10a.o(.ARM.Collect$$$$0000000D) for __rt_final_cpp
    entry.o(.ARM.Collect$$$$00000000) refers (Special) to entry11a.o(.ARM.Collect$$$$0000000F) for __rt_final_exit
    entry.o(.ARM.Collect$$$$00000000) refers (Special) to entry7b.o(.ARM.Collect$$$$00000008) for _main_clock
    entry.o(.ARM.Collect$$$$00000000) refers (Special) to entry8b.o(.ARM.Collect$$$$0000000A) for _main_cpp_init
    entry.o(.ARM.Collect$$$$00000000) refers (Special) to entry9a.o(.ARM.Collect$$$$0000000B) for _main_init
    entry.o(.ARM.Collect$$$$00000000) refers (Special) to entry5.o(.ARM.Collect$$$$00000004) for _main_scatterload
    entry.o(.ARM.Collect$$$$00000000) refers (Special) to entry2.o(.ARM.Collect$$$$00000001) for _main_stk
    strtok.o(.text) refers to strtok.o(.data) for .data
    strtok_r.o(.text) refers to strtok_r.o(.data) for .data
    d2f.o(.text) refers (Special) to iusefp.o(.text) for __I$use$fp
    d2f.o(.text) refers to fepilogue.o(.text) for _float_round
    entry2.o(.ARM.Collect$$$$00000001) refers to entry2.o(.ARM.Collect$$$$00002712) for __lit__00000000
    entry2.o(.ARM.Collect$$$$00002712) refers to startup_tm4c123.o(STACK) for __initial_sp
    entry2.o(__vectab_stack_and_reset_area) refers to startup_tm4c123.o(STACK) for __initial_sp
    entry2.o(__vectab_stack_and_reset_area) refers to entry.o(.ARM.Collect$$$$00000000) for __main
    entry5.o(.ARM.Collect$$$$00000004) refers to init.o(.text) for __scatterload
    entry9a.o(.ARM.Collect$$$$0000000B) refers to main.o(.text) for main
    entry9b.o(.ARM.Collect$$$$0000000C) refers to main.o(.text) for main
    errno.o(i.__aeabi_errno_addr) refers to errno.o(.data) for .data
    errno.o(i.__read_errno) refers to errno.o(.data) for .data
    errno.o(i.__set_errno) refers to errno.o(.data) for .data
    strtod.o(.text) refers to scanf_fp.o(.text) for _scanf_real
    strtod.o(.text) refers to _sgetc.o(.text) for _sgetc
    strtod.o(.text) refers to isspace_c.o(.text) for isspace
    init.o(.text) refers to entry5.o(.ARM.Collect$$$$00000004) for __main_after_scatterload
    isspace_c.o(.text) refers to ctype_c.o(.text) for __ctype_lookup
    scanf_fp.o(.text) refers (Special) to iusefp.o(.text) for __I$use$fp
    scanf_fp.o(.text) refers to dfltul.o(.text) for __aeabi_ul2d
    scanf_fp.o(.text) refers to dmul.o(.text) for __aeabi_dmul
    scanf_fp.o(.text) refers to ddiv.o(.text) for __aeabi_ddiv
    scanf_fp.o(.text) refers to scanf_fp.o(i._is_digit) for _is_digit
    scanf_fp.o(.text) refers to d2f.o(.text) for __aeabi_d2f
    ctype_c.o(.text) refers to ctype_c.o(.constdata) for .constdata
    dmul.o(.text) refers to depilogue.o(.text) for _double_epilogue
    ddiv.o(.text) refers to depilogue.o(.text) for _double_round
    dfltul.o(.text) refers to depilogue.o(.text) for _double_epilogue
    depilogue.o(.text) refers to llshl.o(.text) for __aeabi_llsl
    depilogue.o(.text) refers to llushr.o(.text) for __aeabi_llsr
    scanf_fp.o(i._is_digit) refers (Special) to iusefp.o(.text) for __I$use$fp


==============================================================================

Removing Unused input sections from the image.

    Removing startup_tm4c123.o(HEAP), (0 bytes).
    Removing eeprom.o(.text), (72 bytes).

2 unused section(s) (total 72 bytes) removed from the image.

==============================================================================

Image Symbol Table

    Local Symbols

    Symbol Name                              Value     Ov Type        Size  Object(Section)

    RESET                                    0x00000000   Section      620  startup_tm4c123.o(RESET)
    ../clib/microlib/ctype/ctype.c           0x00000000   Number         0  isspace_c.o ABSOLUTE
    ../clib/microlib/ctype/ctype.c           0x00000000   Number         0  ctype_c.o ABSOLUTE
    ../clib/microlib/errno.c                 0x00000000   Number         0  errno.o ABSOLUTE
    ../clib/microlib/init/entry.s            0x00000000   Number         0  entry8a.o ABSOLUTE
    ../clib/microlib/init/entry.s            0x00000000   Number         0  entry8b.o ABSOLUTE
    ../clib/microlib/init/entry.s            0x00000000   Number         0  entry10b.o ABSOLUTE
    ../clib/microlib/init/entry.s            0x00000000   Number         0  entry11a.o ABSOLUTE
    ../clib/microlib/init/entry.s            0x00000000   Number         0  entry9a.o ABSOLUTE
    ../clib/microlib/init/entry.s            0x00000000   Number         0  entry10a.o ABSOLUTE
    ../clib/microlib/init/entry.s            0x00000000   Number         0  entry7b.o ABSOLUTE
    ../clib/microlib/init/entry.s            0x00000000   Number         0  entry7a.o ABSOLUTE
    ../clib/microlib/init/entry.s            0x00000000   Number         0  entry11b.o ABSOLUTE
    ../clib/microlib/init/entry.s            0x00000000   Number         0  entry5.o ABSOLUTE
    ../clib/microlib/init/entry.s            0x00000000   Number         0  entry9b.o ABSOLUTE
    ../clib/microlib/init/entry.s            0x00000000   Number         0  entry.o ABSOLUTE
    ../clib/microlib/init/entry.s            0x00000000   Number         0  entry2.o ABSOLUTE
    ../clib/microlib/longlong.c              0x00000000   Number         0  llushr.o ABSOLUTE
    ../clib/microlib/longlong.c              0x00000000   Number         0  llshl.o ABSOLUTE
    ../clib/microlib/string/memcpy.c         0x00000000   Number         0  memcpya.o ABSOLUTE
    ../clib/microlib/string/memcpy.c         0x00000000   Number         0  memcpyb.o ABSOLUTE
    ../clib/microlib/string/strtok.c         0x00000000   Number         0  strtok_r.o ABSOLUTE
    ../clib/microlib/string/strtok.c         0x00000000   Number         0  strtok.o ABSOLUTE
    ../clib/microlib/stubs.s                 0x00000000   Number         0  iusefp.o ABSOLUTE
    ../clib/scanf.c                          0x00000000   Number         0  _sgetc.o ABSOLUTE
    ../clib/scanf.c                          0x00000000   Number         0  scanf_fp.o ABSOLUTE
    ../clib/scanf.c                          0x00000000   Number         0  strtod.o ABSOLUTE
    ../fplib/microlib/d2f.c                  0x00000000   Number         0  d2f.o ABSOLUTE
    ../fplib/microlib/fpdiv.c                0x00000000   Number         0  ddiv.o ABSOLUTE
    ../fplib/microlib/fpepilogue.c           0x00000000   Number         0  depilogue.o ABSOLUTE
    ../fplib/microlib/fpepilogue.c           0x00000000   Number         0  fepilogue.o ABSOLUTE
    ../fplib/microlib/fpflt.c                0x00000000   Number         0  dfltul.o ABSOLUTE
    ../fplib/microlib/fpmul.c                0x00000000   Number         0  dmul.o ABSOLUTE
    ../mathlib/atof.c                        0x00000000   Number         0  atof.o ABSOLUTE
    EEPROM.c                                 0x00000000   Number         0  eeprom.o ABSOLUTE
    GPIO.c                                   0x00000000   Number         0  gpio.o ABSOLUTE
    GPS.c                                    0x00000000   Number         0  gps.o ABSOLUTE
    LED.c                                    0x00000000   Number         0  led.o ABSOLUTE
    UART.c                                   0x00000000   Number         0  uart.o ABSOLUTE
    dc.s                                     0x00000000   Number         0  dc.o ABSOLUTE
    handlers.s                               0x00000000   Number         0  handlers.o ABSOLUTE
    init.s                                   0x00000000   Number         0  init.o ABSOLUTE
    main.c                                   0x00000000   Number         0  main.o ABSOLUTE
    startup_TM4C123.s                        0x00000000   Number         0  startup_tm4c123.o ABSOLUTE
    .ARM.Collect$$$$00000000                 0x0000026c   Section        0  entry.o(.ARM.Collect$$$$00000000)
    .ARM.Collect$$$$00000001                 0x0000026c   Section        4  entry2.o(.ARM.Collect$$$$00000001)
    .ARM.Collect$$$$00000004                 0x00000270   Section        4  entry5.o(.ARM.Collect$$$$00000004)
    .ARM.Collect$$$$00000008                 0x00000274   Section        0  entry7b.o(.ARM.Collect$$$$00000008)
    .ARM.Collect$$$$0000000A                 0x00000274   Section        0  entry8b.o(.ARM.Collect$$$$0000000A)
    .ARM.Collect$$$$0000000B                 0x00000274   Section        8  entry9a.o(.ARM.Collect$$$$0000000B)
    .ARM.Collect$$$$0000000D                 0x0000027c   Section        0  entry10a.o(.ARM.Collect$$$$0000000D)
    .ARM.Collect$$$$0000000F                 0x0000027c   Section        0  entry11a.o(.ARM.Collect$$$$0000000F)
    .ARM.Collect$$$$00002712                 0x0000027c   Section        4  entry2.o(.ARM.Collect$$$$00002712)
    __lit__00000000                          0x0000027c   Data           4  entry2.o(.ARM.Collect$$$$00002712)
    .text                                    0x00000280   Section      268  startup_tm4c123.o(.text)
    $v0                                      0x00000280   Number         0  startup_tm4c123.o(.text)
    .text                                    0x0000038c   Section        0  main.o(.text)
    .text                                    0x00000420   Section        0  uart.o(.text)
    .text                                    0x00000704   Section        0  gpio.o(.text)
    .text                                    0x00000814   Section        0  gps.o(.text)
    .text                                    0x000008ec   Section        0  memcpya.o(.text)
    .text                                    0x00000910   Section        0  strtok.o(.text)
    .text                                    0x00000954   Section        0  d2f.o(.text)
    .text                                    0x0000098c   Section        0  strtod.o(.text)
    _local_sscanf                            0x0000098d   Thumb Code    54  strtod.o(.text)
    .text                                    0x00000a28   Section        0  iusefp.o(.text)
    .text                                    0x00000a28   Section        0  fepilogue.o(.text)
    .text                                    0x00000a94   Section       36  init.o(.text)
    .text                                    0x00000ab8   Section        0  isspace_c.o(.text)
    .text                                    0x00000ac4   Section        0  scanf_fp.o(.text)
    _fp_value                                0x00000ac5   Thumb Code   256  scanf_fp.o(.text)
    .text                                    0x00000e00   Section        0  _sgetc.o(.text)
    .text                                    0x00000e40   Section        0  ctype_c.o(.text)
    .text                                    0x00000e68   Section        0  dmul.o(.text)
    .text                                    0x00000f4c   Section        0  ddiv.o(.text)
    .text                                    0x0000102a   Section        0  dfltul.o(.text)
    .text                                    0x00001042   Section        0  depilogue.o(.text)
    .text                                    0x00001100   Section        0  llshl.o(.text)
    .text                                    0x0000111e   Section        0  llushr.o(.text)
    i.__hardfp_atof                          0x00001140   Section        0  atof.o(i.__hardfp_atof)
    i.__read_errno                           0x00001178   Section        0  errno.o(i.__read_errno)
    i.__scatterload_copy                     0x00001184   Section       14  handlers.o(i.__scatterload_copy)
    i.__scatterload_null                     0x00001192   Section        2  handlers.o(i.__scatterload_null)
    i.__scatterload_zeroinit                 0x00001194   Section       14  handlers.o(i.__scatterload_zeroinit)
    i.__set_errno                            0x000011a4   Section        0  errno.o(i.__set_errno)
    i._is_digit                              0x000011b0   Section        0  scanf_fp.o(i._is_digit)
    .constdata                               0x000011c0   Section       66  main.o(.constdata)
    .constdata                               0x00001202   Section       64  ctype_c.o(.constdata)
    .data                                    0x20000000   Section        4  gps.o(.data)
    i                                        0x20000000   Data           4  gps.o(.data)
    .data                                    0x20000004   Section        4  strtok.o(.data)
    state                                    0x20000004   Data           4  strtok.o(.data)
    .data                                    0x20000008   Section        4  errno.o(.data)
    _errno                                   0x20000008   Data           4  errno.o(.data)
    .bss                                     0x2000000c   Section       80  main.o(.bss)
    STACK                                    0x20000060   Section      512  startup_tm4c123.o(STACK)

    Global Symbols

    Symbol Name                              Value     Ov Type        Size  Object(Section)

    BuildAttributes$$THM_ISAv4$E$P$D$K$B$S$7EM$VFPi3$EXTD16$VFPS$VFMA$PE$A:L22UL41UL21$X:L11$S22US41US21$IEEE1$IW$USESV6$~STKCKD$USESV7$~SHL$OTIME$ROPI$IEEEJ$EBA8$MICROLIB$REQ8$PRES8$EABIv2 0x00000000   Number         0  anon$$obj.o ABSOLUTE
    __ARM_use_no_argv                        0x00000000   Number         0  main.o ABSOLUTE
    __Vectors                                0x00000000   Data           4  startup_tm4c123.o(RESET)
    __cpp_initialize__aeabi_                  - Undefined Weak Reference
    __cxa_finalize                            - Undefined Weak Reference
    __decompress                              - Undefined Weak Reference
    _clock_init                               - Undefined Weak Reference
    _microlib_exit                            - Undefined Weak Reference
    __Vectors_End                            0x0000026c   Data           0  startup_tm4c123.o(RESET)
    __Vectors_Size                           0x0000026c   Number         0  startup_tm4c123.o ABSOLUTE
    __main                                   0x0000026d   Thumb Code     0  entry.o(.ARM.Collect$$$$00000000)
    _main_stk                                0x0000026d   Thumb Code     0  entry2.o(.ARM.Collect$$$$00000001)
    _main_scatterload                        0x00000271   Thumb Code     0  entry5.o(.ARM.Collect$$$$00000004)
    __main_after_scatterload                 0x00000275   Thumb Code     0  entry5.o(.ARM.Collect$$$$00000004)
    _main_clock                              0x00000275   Thumb Code     0  entry7b.o(.ARM.Collect$$$$00000008)
    _main_cpp_init                           0x00000275   Thumb Code     0  entry8b.o(.ARM.Collect$$$$0000000A)
    _main_init                               0x00000275   Thumb Code     0  entry9a.o(.ARM.Collect$$$$0000000B)
    __rt_final_cpp                           0x0000027d   Thumb Code     0  entry10a.o(.ARM.Collect$$$$0000000D)
    __rt_final_exit                          0x0000027d   Thumb Code     0  entry11a.o(.ARM.Collect$$$$0000000F)
    Reset_Handler                            0x00000281   Thumb Code    24  startup_tm4c123.o(.text)
    NMI_Handler                              0x00000299   Thumb Code     2  startup_tm4c123.o(.text)
    HardFault_Handler                        0x0000029b   Thumb Code     2  startup_tm4c123.o(.text)
    MemManage_Handler                        0x0000029d   Thumb Code     2  startup_tm4c123.o(.text)
    BusFault_Handler                         0x0000029f   Thumb Code     2  startup_tm4c123.o(.text)
    UsageFault_Handler                       0x000002a1   Thumb Code     2  startup_tm4c123.o(.text)
    SVC_Handler                              0x000002a3   Thumb Code     2  startup_tm4c123.o(.text)
    DebugMon_Handler                         0x000002a5   Thumb Code     2  startup_tm4c123.o(.text)
    PendSV_Handler                           0x000002a7   Thumb Code     2  startup_tm4c123.o(.text)
    SysTick_Handler                          0x000002a9   Thumb Code     2  startup_tm4c123.o(.text)
    GPIOA_Handler                            0x000002ab   Thumb Code     2  startup_tm4c123.o(.text)
    GPIOB_Handler                            0x000002ad   Thumb Code     2  startup_tm4c123.o(.text)
    GPIOC_Handler                            0x000002af   Thumb Code     2  startup_tm4c123.o(.text)
    GPIOD_Handler                            0x000002b1   Thumb Code     2  startup_tm4c123.o(.text)
    GPIOE_Handler                            0x000002b3   Thumb Code     2  startup_tm4c123.o(.text)
    UART0_Handler                            0x000002b5   Thumb Code     2  startup_tm4c123.o(.text)
    UART1_Handler                            0x000002b7   Thumb Code     2  startup_tm4c123.o(.text)
    SSI0_Handler                             0x000002b9   Thumb Code     2  startup_tm4c123.o(.text)
    I2C0_Handler                             0x000002bb   Thumb Code     2  startup_tm4c123.o(.text)
    PMW0_FAULT_Handler                       0x000002bd   Thumb Code     2  startup_tm4c123.o(.text)
    PWM0_0_Handler                           0x000002bf   Thumb Code     2  startup_tm4c123.o(.text)
    PWM0_1_Handler                           0x000002c1   Thumb Code     2  startup_tm4c123.o(.text)
    PWM0_2_Handler                           0x000002c3   Thumb Code     2  startup_tm4c123.o(.text)
    QEI0_Handler                             0x000002c5   Thumb Code     2  startup_tm4c123.o(.text)
    ADC0SS0_Handler                          0x000002c7   Thumb Code     2  startup_tm4c123.o(.text)
    ADC0SS1_Handler                          0x000002c9   Thumb Code     2  startup_tm4c123.o(.text)
    ADC0SS2_Handler                          0x000002cb   Thumb Code     2  startup_tm4c123.o(.text)
    ADC0SS3_Handler                          0x000002cd   Thumb Code     2  startup_tm4c123.o(.text)
    WDT0_Handler                             0x000002cf   Thumb Code     2  startup_tm4c123.o(.text)
    TIMER0A_Handler                          0x000002d1   Thumb Code     2  startup_tm4c123.o(.text)
    TIMER0B_Handler                          0x000002d3   Thumb Code     2  startup_tm4c123.o(.text)
    TIMER1A_Handler                          0x000002d5   Thumb Code     2  startup_tm4c123.o(.text)
    TIMER1B_Handler                          0x000002d7   Thumb Code     2  startup_tm4c123.o(.text)
    TIMER2A_Handler                          0x000002d9   Thumb Code     2  startup_tm4c123.o(.text)
    TIMER2B_Handler                          0x000002db   Thumb Code     2  startup_tm4c123.o(.text)
    COMP0_Handler                            0x000002dd   Thumb Code     2  startup_tm4c123.o(.text)
    COMP1_Handler                            0x000002df   Thumb Code     2  startup_tm4c123.o(.text)
    COMP2_Handler                            0x000002e1   Thumb Code     2  startup_tm4c123.o(.text)
    SYSCTL_Handler                           0x000002e3   Thumb Code     2  startup_tm4c123.o(.text)
    FLASH_Handler                            0x000002e5   Thumb Code     2  startup_tm4c123.o(.text)
    GPIOF_Handler                            0x000002e7   Thumb Code     2  startup_tm4c123.o(.text)
    GPIOG_Handler                            0x000002e9   Thumb Code     2  startup_tm4c123.o(.text)
    GPIOH_Handler                            0x000002eb   Thumb Code     2  startup_tm4c123.o(.text)
    UART2_Handler                            0x000002ed   Thumb Code     2  startup_tm4c123.o(.text)
    SSI1_Handler                             0x000002ef   Thumb Code     2  startup_tm4c123.o(.text)
    TIMER3A_Handler                          0x000002f1   Thumb Code     2  startup_tm4c123.o(.text)
    TIMER3B_Handler                          0x000002f3   Thumb Code     2  startup_tm4c123.o(.text)
    I2C1_Handler                             0x000002f5   Thumb Code     2  startup_tm4c123.o(.text)
    QEI1_Handler                             0x000002f7   Thumb Code     2  startup_tm4c123.o(.text)
    CAN0_Handler                             0x000002f9   Thumb Code     2  startup_tm4c123.o(.text)
    CAN1_Handler                             0x000002fb   Thumb Code     2  startup_tm4c123.o(.text)
    CAN2_Handler                             0x000002fd   Thumb Code     2  startup_tm4c123.o(.text)
    HIB_Handler                              0x000002ff   Thumb Code     2  startup_tm4c123.o(.text)
    USB0_Handler                             0x00000301   Thumb Code     2  startup_tm4c123.o(.text)
    PWM0_3_Handler                           0x00000303   Thumb Code     2  startup_tm4c123.o(.text)
    UDMA_Handler                             0x00000305   Thumb Code     2  startup_tm4c123.o(.text)
    UDMAERR_Handler                          0x00000307   Thumb Code     2  startup_tm4c123.o(.text)
    ADC1SS0_Handler                          0x00000309   Thumb Code     2  startup_tm4c123.o(.text)
    ADC1SS1_Handler                          0x0000030b   Thumb Code     2  startup_tm4c123.o(.text)
    ADC1SS2_Handler                          0x0000030d   Thumb Code     2  startup_tm4c123.o(.text)
    ADC1SS3_Handler                          0x0000030f   Thumb Code     2  startup_tm4c123.o(.text)
    GPIOJ_Handler                            0x00000311   Thumb Code     2  startup_tm4c123.o(.text)
    GPIOK_Handler                            0x00000313   Thumb Code     2  startup_tm4c123.o(.text)
    GPIOL_Handler                            0x00000315   Thumb Code     2  startup_tm4c123.o(.text)
    SSI2_Handler                             0x00000317   Thumb Code     2  startup_tm4c123.o(.text)
    SSI3_Handler                             0x00000319   Thumb Code     2  startup_tm4c123.o(.text)
    UART3_Handler                            0x0000031b   Thumb Code     2  startup_tm4c123.o(.text)
    UART4_Handler                            0x0000031d   Thumb Code     2  startup_tm4c123.o(.text)
    UART5_Handler                            0x0000031f   Thumb Code     2  startup_tm4c123.o(.text)
    UART6_Handler                            0x00000321   Thumb Code     2  startup_tm4c123.o(.text)
    UART7_Handler                            0x00000323   Thumb Code     2  startup_tm4c123.o(.text)
    I2C2_Handler                             0x00000325   Thumb Code     2  startup_tm4c123.o(.text)
    I2C3_Handler                             0x00000327   Thumb Code     2  startup_tm4c123.o(.text)
    TIMER4A_Handler                          0x00000329   Thumb Code     2  startup_tm4c123.o(.text)
    TIMER4B_Handler                          0x0000032b   Thumb Code     2  startup_tm4c123.o(.text)
    TIMER5A_Handler                          0x0000032d   Thumb Code     2  startup_tm4c123.o(.text)
    TIMER5B_Handler                          0x0000032f   Thumb Code     2  startup_tm4c123.o(.text)
    WTIMER0A_Handler                         0x00000331   Thumb Code     2  startup_tm4c123.o(.text)
    WTIMER0B_Handler                         0x00000333   Thumb Code     2  startup_tm4c123.o(.text)
    WTIMER1A_Handler                         0x00000335   Thumb Code     2  startup_tm4c123.o(.text)
    WTIMER1B_Handler                         0x00000337   Thumb Code     2  startup_tm4c123.o(.text)
    WTIMER2A_Handler                         0x00000339   Thumb Code     2  startup_tm4c123.o(.text)
    WTIMER2B_Handler                         0x0000033b   Thumb Code     2  startup_tm4c123.o(.text)
    WTIMER3A_Handler                         0x0000033d   Thumb Code     2  startup_tm4c123.o(.text)
    WTIMER3B_Handler                         0x0000033f   Thumb Code     2  startup_tm4c123.o(.text)
    WTIMER4A_Handler                         0x00000341   Thumb Code     2  startup_tm4c123.o(.text)
    WTIMER4B_Handler                         0x00000343   Thumb Code     2  startup_tm4c123.o(.text)
    WTIMER5A_Handler                         0x00000345   Thumb Code     2  startup_tm4c123.o(.text)
    WTIMER5B_Handler                         0x00000347   Thumb Code     2  startup_tm4c123.o(.text)
    FPU_Handler                              0x00000349   Thumb Code     2  startup_tm4c123.o(.text)
    I2C4_Handler                             0x0000034b   Thumb Code     2  startup_tm4c123.o(.text)
    I2C5_Handler                             0x0000034d   Thumb Code     2  startup_tm4c123.o(.text)
    GPIOM_Handler                            0x0000034f   Thumb Code     2  startup_tm4c123.o(.text)
    GPION_Handler                            0x00000351   Thumb Code     2  startup_tm4c123.o(.text)
    QEI2_Handler                             0x00000353   Thumb Code     2  startup_tm4c123.o(.text)
    GPIOP0_Handler                           0x00000355   Thumb Code     2  startup_tm4c123.o(.text)
    GPIOP1_Handler                           0x00000357   Thumb Code     2  startup_tm4c123.o(.text)
    GPIOP2_Handler                           0x00000359   Thumb Code     2  startup_tm4c123.o(.text)
    GPIOP3_Handler                           0x0000035b   Thumb Code     2  startup_tm4c123.o(.text)
    GPIOP4_Handler                           0x0000035d   Thumb Code     2  startup_tm4c123.o(.text)
    GPIOP5_Handler                           0x0000035f   Thumb Code     2  startup_tm4c123.o(.text)
    GPIOP6_Handler                           0x00000361   Thumb Code     2  startup_tm4c123.o(.text)
    GPIOP7_Handler                           0x00000363   Thumb Code     2  startup_tm4c123.o(.text)
    GPIOQ0_Handler                           0x00000365   Thumb Code     2  startup_tm4c123.o(.text)
    GPIOQ1_Handler                           0x00000367   Thumb Code     2  startup_tm4c123.o(.text)
    GPIOQ2_Handler                           0x00000369   Thumb Code     2  startup_tm4c123.o(.text)
    GPIOQ3_Handler                           0x0000036b   Thumb Code     2  startup_tm4c123.o(.text)
    GPIOQ4_Handler                           0x0000036d   Thumb Code     2  startup_tm4c123.o(.text)
    GPIOQ5_Handler                           0x0000036f   Thumb Code     2  startup_tm4c123.o(.text)
    GPIOQ6_Handler                           0x00000371   Thumb Code     2  startup_tm4c123.o(.text)
    GPIOQ7_Handler                           0x00000373   Thumb Code     2  startup_tm4c123.o(.text)
    GPIOR_Handler                            0x00000375   Thumb Code     2  startup_tm4c123.o(.text)
    GPIOS_Handler                            0x00000377   Thumb Code     2  startup_tm4c123.o(.text)
    PMW1_0_Handler                           0x00000379   Thumb Code     2  startup_tm4c123.o(.text)
    PWM1_1_Handler                           0x0000037b   Thumb Code     2  startup_tm4c123.o(.text)
    PWM1_2_Handler                           0x0000037d   Thumb Code     2  startup_tm4c123.o(.text)
    PWM1_3_Handler                           0x0000037f   Thumb Code     2  startup_tm4c123.o(.text)
    PWM1_FAULT_Handler                       0x00000381   Thumb Code     2  startup_tm4c123.o(.text)
    main                                     0x0000038d   Thumb Code   104  main.o(.text)
    PORTC_UART_INIT                          0x00000421   Thumb Code     2  uart.o(.text)
    PORTA_UART_INIT                          0x00000423   Thumb Code   156  uart.o(.text)
    PORTD_UART_INIT                          0x000004bf   Thumb Code   150  uart.o(.text)
    UART2_Init                               0x00000555   Thumb Code   112  uart.o(.text)
    UART5_INIT                               0x000005c5   Thumb Code   134  uart.o(.text)
    GetChar_PC                               0x0000064b   Thumb Code    18  uart.o(.text)
    GetChar_GPS                              0x0000065d   Thumb Code    20  uart.o(.text)
    transChar                                0x00000671   Thumb Code    34  uart.o(.text)
    printString                              0x00000693   Thumb Code    30  uart.o(.text)
    printString2                             0x000006b1   Thumb Code    30  uart.o(.text)
    PORTF_INIT                               0x00000705   Thumb Code   122  gpio.o(.text)
    PORTA_INIT                               0x0000077f   Thumb Code   122  gpio.o(.text)
    split_str                                0x00000815   Thumb Code   194  gps.o(.text)
    __aeabi_memcpy                           0x000008ed   Thumb Code    36  memcpya.o(.text)
    __aeabi_memcpy4                          0x000008ed   Thumb Code     0  memcpya.o(.text)
    __aeabi_memcpy8                          0x000008ed   Thumb Code     0  memcpya.o(.text)
    strtok                                   0x00000911   Thumb Code    62  strtok.o(.text)
    __aeabi_d2f                              0x00000955   Thumb Code    56  d2f.o(.text)
    __strtod_int                             0x000009c3   Thumb Code    88  strtod.o(.text)
    __I$use$fp                               0x00000a29   Thumb Code     0  iusefp.o(.text)
    _float_round                             0x00000a29   Thumb Code    18  fepilogue.o(.text)
    _float_epilogue                          0x00000a3b   Thumb Code    90  fepilogue.o(.text)
    __scatterload                            0x00000a95   Thumb Code    28  init.o(.text)
    __scatterload_rt2                        0x00000a95   Thumb Code     0  init.o(.text)
    isspace                                  0x00000ab9   Thumb Code    10  isspace_c.o(.text)
    _scanf_real                              0x00000bc5   Thumb Code     0  scanf_fp.o(.text)
    _scanf_really_real                       0x00000bc5   Thumb Code   560  scanf_fp.o(.text)
    _sgetc                                   0x00000e01   Thumb Code    30  _sgetc.o(.text)
    _sbackspace                              0x00000e1f   Thumb Code    34  _sgetc.o(.text)
    __ctype_lookup                           0x00000e41   Thumb Code    34  ctype_c.o(.text)
    __aeabi_dmul                             0x00000e69   Thumb Code   228  dmul.o(.text)
    __aeabi_ddiv                             0x00000f4d   Thumb Code   222  ddiv.o(.text)
    __aeabi_ul2d                             0x0000102b   Thumb Code    24  dfltul.o(.text)
    _double_round                            0x00001043   Thumb Code    26  depilogue.o(.text)
    _double_epilogue                         0x0000105d   Thumb Code   164  depilogue.o(.text)
    __aeabi_llsl                             0x00001101   Thumb Code    30  llshl.o(.text)
    _ll_shift_l                              0x00001101   Thumb Code     0  llshl.o(.text)
    __aeabi_llsr                             0x0000111f   Thumb Code    32  llushr.o(.text)
    _ll_ushift_r                             0x0000111f   Thumb Code     0  llushr.o(.text)
    __hardfp_atof                            0x00001141   Thumb Code    44  atof.o(i.__hardfp_atof)
    __read_errno                             0x00001179   Thumb Code     6  errno.o(i.__read_errno)
    __scatterload_copy                       0x00001185   Thumb Code    14  handlers.o(i.__scatterload_copy)
    __scatterload_null                       0x00001193   Thumb Code     2  handlers.o(i.__scatterload_null)
    __scatterload_zeroinit                   0x00001195   Thumb Code    14  handlers.o(i.__scatterload_zeroinit)
    __set_errno                              0x000011a5   Thumb Code     6  errno.o(i.__set_errno)
    _is_digit                                0x000011b1   Thumb Code    14  scanf_fp.o(i._is_digit)
    __ctype_categories                       0x00001202   Data          64  ctype_c.o(.constdata)
    Region$$Table$$Base                      0x00001244   Number         0  anon$$obj.o(Region$$Table)
    Region$$Table$$Limit                     0x00001264   Number         0  anon$$obj.o(Region$$Table)
    Coordinates                              0x2000000c   Data          80  main.o(.bss)
    __initial_sp                             0x20000260   Data           0  startup_tm4c123.o(STACK)



==============================================================================

Memory Map of the image

  Image Entry point : 0x00000281

  Load Region LR_1 (Base: 0x00000000, Size: 0x00001270, Max: 0xffffffff, ABSOLUTE)

    Execution Region ER_RO (Base: 0x00000000, Size: 0x00001264, Max: 0xffffffff, ABSOLUTE)

    Base Addr    Size         Type   Attr      Idx    E Section Name        Object

    0x00000000   0x0000026c   Data   RO            3    RESET               startup_tm4c123.o
    0x0000026c   0x00000000   Code   RO          129  * .ARM.Collect$$$$00000000  mc_w.l(entry.o)
    0x0000026c   0x00000004   Code   RO          144    .ARM.Collect$$$$00000001  mc_w.l(entry2.o)
    0x00000270   0x00000004   Code   RO          147    .ARM.Collect$$$$00000004  mc_w.l(entry5.o)
    0x00000274   0x00000000   Code   RO          149    .ARM.Collect$$$$00000008  mc_w.l(entry7b.o)
    0x00000274   0x00000000   Code   RO          151    .ARM.Collect$$$$0000000A  mc_w.l(entry8b.o)
    0x00000274   0x00000008   Code   RO          152    .ARM.Collect$$$$0000000B  mc_w.l(entry9a.o)
    0x0000027c   0x00000000   Code   RO          154    .ARM.Collect$$$$0000000D  mc_w.l(entry10a.o)
    0x0000027c   0x00000000   Code   RO          156    .ARM.Collect$$$$0000000F  mc_w.l(entry11a.o)
    0x0000027c   0x00000004   Code   RO          145    .ARM.Collect$$$$00002712  mc_w.l(entry2.o)
    0x00000280   0x0000010c   Code   RO            4  * .text               startup_tm4c123.o
    0x0000038c   0x00000094   Code   RO           10    .text               main.o
    0x00000420   0x000002e4   Code   RO           45    .text               uart.o
    0x00000704   0x00000110   Code   RO           60    .text               gpio.o
    0x00000814   0x000000d8   Code   RO           78    .text               gps.o
    0x000008ec   0x00000024   Code   RO          132    .text               mc_w.l(memcpya.o)
    0x00000910   0x00000044   Code   RO          134    .text               mc_w.l(strtok.o)
    0x00000954   0x00000038   Code   RO          142    .text               mf_w.l(d2f.o)
    0x0000098c   0x0000009c   Code   RO          165    .text               mc_w.l(strtod.o)
    0x00000a28   0x00000000   Code   RO          167    .text               mc_w.l(iusefp.o)
    0x00000a28   0x0000006c   Code   RO          168    .text               mf_w.l(fepilogue.o)
    0x00000a94   0x00000024   Code   RO          170    .text               mc_w.l(init.o)
    0x00000ab8   0x0000000a   Code   RO          172    .text               mc_w.l(isspace_c.o)
    0x00000ac2   0x00000002   PAD
    0x00000ac4   0x0000033c   Code   RO          174    .text               mc_w.l(scanf_fp.o)
    0x00000e00   0x00000040   Code   RO          178    .text               mc_w.l(_sgetc.o)
    0x00000e40   0x00000028   Code   RO          180    .text               mc_w.l(ctype_c.o)
    0x00000e68   0x000000e4   Code   RO          183    .text               mf_w.l(dmul.o)
    0x00000f4c   0x000000de   Code   RO          185    .text               mf_w.l(ddiv.o)
    0x0000102a   0x00000018   Code   RO          187    .text               mf_w.l(dfltul.o)
    0x00001042   0x000000be   Code   RO          189    .text               mf_w.l(depilogue.o)
    0x00001100   0x0000001e   Code   RO          191    .text               mc_w.l(llshl.o)
    0x0000111e   0x00000020   Code   RO          193    .text               mc_w.l(llushr.o)
    0x0000113e   0x00000002   PAD
    0x00001140   0x00000038   Code   RO          123    i.__hardfp_atof     m_wm.l(atof.o)
    0x00001178   0x0000000c   Code   RO          159    i.__read_errno      mc_w.l(errno.o)
    0x00001184   0x0000000e   Code   RO          197    i.__scatterload_copy  mc_w.l(handlers.o)
    0x00001192   0x00000002   Code   RO          198    i.__scatterload_null  mc_w.l(handlers.o)
    0x00001194   0x0000000e   Code   RO          199    i.__scatterload_zeroinit  mc_w.l(handlers.o)
    0x000011a2   0x00000002   PAD
    0x000011a4   0x0000000c   Code   RO          160    i.__set_errno       mc_w.l(errno.o)
    0x000011b0   0x0000000e   Code   RO          176    i._is_digit         mc_w.l(scanf_fp.o)
    0x000011be   0x00000002   PAD
    0x000011c0   0x00000042   Data   RO           12    .constdata          main.o
    0x00001202   0x00000040   Data   RO          181    .constdata          mc_w.l(ctype_c.o)
    0x00001242   0x00000002   PAD
    0x00001244   0x00000020   Data   RO          195    Region$$Table       anon$$obj.o


    Execution Region ER_RW (Base: 0x20000000, Size: 0x0000000c, Max: 0xffffffff, ABSOLUTE)

    Base Addr    Size         Type   Attr      Idx    E Section Name        Object

    0x20000000   0x00000004   Data   RW           79    .data               gps.o
    0x20000004   0x00000004   Data   RW          135    .data               mc_w.l(strtok.o)
    0x20000008   0x00000004   Data   RW          161    .data               mc_w.l(errno.o)


    Execution Region ER_ZI (Base: 0x2000000c, Size: 0x00000254, Max: 0xffffffff, ABSOLUTE)

    Base Addr    Size         Type   Attr      Idx    E Section Name        Object

    0x2000000c   0x00000050   Zero   RW           11    .bss                main.o
    0x2000005c   0x00000004   PAD
    0x20000060   0x00000200   Zero   RW            1    STACK               startup_tm4c123.o


==============================================================================

Image component sizes


      Code (inc. data)   RO Data    RW Data    ZI Data      Debug   Object Name

       272         28          0          0          0        528   gpio.o
       216         22          0          4          0       1020   gps.o
       148         44         66          0         80       2825   main.o
       268         10        620          0        512       5352   startup_tm4c123.o
       740         54          0          0          0       1910   uart.o

    ----------------------------------------------------------------------
      1644        158        718          4        596      11635   Object Totals
         0          0         32          0          0          0   (incl. Generated)
         0          0          0          0          4          0   (incl. Padding)

    ----------------------------------------------------------------------

      Code (inc. data)   RO Data    RW Data    ZI Data      Debug   Library Member Name

        56         12          0          0          0        132   atof.o
        64          0          0          0          0         84   _sgetc.o
        40          6         64          0          0         68   ctype_c.o
         0          0          0          0          0          0   entry.o
         0          0          0          0          0          0   entry10a.o
         0          0          0          0          0          0   entry11a.o
         8          4          0          0          0          0   entry2.o
         4          0          0          0          0          0   entry5.o
         0          0          0          0          0          0   entry7b.o
         0          0          0          0          0          0   entry8b.o
         8          4          0          0          0          0   entry9a.o
        24         12          0          4          0        136   errno.o
        30          0          0          0          0          0   handlers.o
        36          8          0          0          0         68   init.o
        10          0          0          0          0         68   isspace_c.o
         0          0          0          0          0          0   iusefp.o
        30          0          0          0          0         68   llshl.o
        32          0          0          0          0         68   llushr.o
        36          0          0          0          0         68   memcpya.o
       842         12          0          0          0        216   scanf_fp.o
       156         14          0          0          0        120   strtod.o
        68          6          0          4          0         80   strtok.o
        56          0          0          0          0         88   d2f.o
       222          0          0          0          0        100   ddiv.o
       190          0          0          0          0        176   depilogue.o
        24          0          0          0          0         76   dfltul.o
       228          0          0          0          0         96   dmul.o
       108          0          0          0          0        168   fepilogue.o

    ----------------------------------------------------------------------
      2280         78         66          8          0       1880   Library Totals
         8          0          2          0          0          0   (incl. Padding)

    ----------------------------------------------------------------------

      Code (inc. data)   RO Data    RW Data    ZI Data      Debug   Library Name

        56         12          0          0          0        132   m_wm.l
      1388         66         64          8          0       1044   mc_w.l
       828          0          0          0          0        704   mf_w.l

    ----------------------------------------------------------------------
      2280         78         66          8          0       1880   Library Totals

    ----------------------------------------------------------------------

==============================================================================


      Code (inc. data)   RO Data    RW Data    ZI Data      Debug   

      3924        236        784         12        596      12435   Grand Totals
      3924        236        784         12        596      12435   ELF Image Totals
      3924        236        784         12          0          0   ROM Totals

==============================================================================

    Total RO  Size (Code + RO Data)                 4708 (   4.60kB)
    Total RW  Size (RW Data + ZI Data)               608 (   0.59kB)
    Total ROM Size (Code + RO Data + RW Data)       4720 (   4.61kB)

==============================================================================

