<html>
<body>
<pre>
<h1>µVision Build Log</h1>
<h2>Project:</h2>
E:\Tiva_c\UART_GPS - Copy\UART_GPS.uvproj
Project File Date:  04/22/2024

<h2>Output:</h2>
Rebuild target 'Target 1'
assembling startup_TM4C123.s...
compiling main.c...
GPIO.h(71): warning:  #1295-D: Deprecated declaration PORTF_INIT - give arg types
  void PORTF_INIT();
GPIO.h(73): warning:  #1-D: last line of file ends without a newline
  #endif
UART.h(80): warning:  #1295-D: Deprecated declaration PORTA_UART_INIT - give arg types
  void PORTA_UART_INIT();
UART.h(81): warning:  #1295-D: Deprecated declaration PORTD_UART_INIT - give arg types
  void PORTD_UART_INIT();
UART.h(82): warning:  #1295-D: Deprecated declaration UART2_Init - give arg types
  void UART2_Init();
UART.h(83): warning:  #1295-D: Deprecated declaration UART5_INIT - give arg types
  void UART5_INIT();
UART.h(84): warning:  #1295-D: Deprecated declaration GetChar_PC - give arg types
  char GetChar_PC();
UART.h(85): warning:  #1295-D: Deprecated declaration readChar - give arg types
  char readChar();
UART.h(86): warning:  #1295-D: Deprecated declaration printChar - give arg types
  char printChar();
UART.h(87): warning:  #1295-D: Deprecated declaration transChar - give arg types
  void transChar();
UART.h(90): warning:  #1-D: last line of file ends without a newline
  #endif 
GPIO.h(73): warning:  #1-D: last line of file ends without a newline
  #endif
GPS.h(7): warning:  #1295-D: Deprecated declaration Check_GGA - give arg types
  uint8_t Check_GGA();
GPS.h(8): warning:  #1295-D: Deprecated declaration Get_String - give arg types
  void Get_String();
GPS.h(10): warning:  #1295-D: Deprecated declaration Check_fix - give arg types
  uint8_t Check_fix();
GPS.h(13): warning:  #1-D: last line of file ends without a newline
  double Get_Path_Coordinates(uint8_t *input, uint8_t axis ,uint8_t hold_array[MAX_FIELDS][MAX_FIELD_LENGTH] );
main.c(36): warning:  #167-D: argument of type "uint8_t *" is incompatible with parameter of type "char *"
                 Get_Data(input); //append string
main.c(22): warning:  #177-D: variable "old_array" was declared but never referenced
                        uint8_t old_array[MAX_FIELDS][MAX_FIELD_LENGTH];
main.c(92): warning:  #111-D: statement is unreachable
        return 0;
main.c(93): warning:  #1-D: last line of file ends without a newline
  }
main.c(8): warning:  #177-D: variable "i" was declared but never referenced
         uint8_t i=0;
main.c(10): warning:  #177-D: variable "Valid_Coordinates" was declared but never referenced
         double Valid_Coordinates[NO_OF_COORDINATES][2];
main.c: 22 warnings, 0 errors
compiling UART.c...
GPIO.h(71): warning:  #1295-D: Deprecated declaration PORTF_INIT - give arg types
  void PORTF_INIT();
GPIO.h(73): warning:  #1-D: last line of file ends without a newline
  #endif
UART.h(80): warning:  #1295-D: Deprecated declaration PORTA_UART_INIT - give arg types
  void PORTA_UART_INIT();
UART.h(81): warning:  #1295-D: Deprecated declaration PORTD_UART_INIT - give arg types
  void PORTD_UART_INIT();
UART.h(82): warning:  #1295-D: Deprecated declaration UART2_Init - give arg types
  void UART2_Init();
UART.h(83): warning:  #1295-D: Deprecated declaration UART5_INIT - give arg types
  void UART5_INIT();
UART.h(84): warning:  #1295-D: Deprecated declaration GetChar_PC - give arg types
  char GetChar_PC();
UART.h(85): warning:  #1295-D: Deprecated declaration readChar - give arg types
  char readChar();
UART.h(86): warning:  #1295-D: Deprecated declaration printChar - give arg types
  char printChar();
UART.h(87): warning:  #1295-D: Deprecated declaration transChar - give arg types
  void transChar();
UART.h(90): warning:  #1-D: last line of file ends without a newline
  #endif 
UART.c(113): warning:  #1-D: last line of file ends without a newline
  }
UART.c: 12 warnings, 0 errors
compiling GPIO.c...
GPIO.h(71): warning:  #1295-D: Deprecated declaration PORTF_INIT - give arg types
  void PORTF_INIT();
GPIO.h(73): warning:  #1-D: last line of file ends without a newline
  #endif
GPIO.h(73): warning:  #1-D: last line of file ends without a newline
  #endif
UART.H(80): warning:  #1295-D: Deprecated declaration PORTA_UART_INIT - give arg types
  void PORTA_UART_INIT();
UART.H(81): warning:  #1295-D: Deprecated declaration PORTD_UART_INIT - give arg types
  void PORTD_UART_INIT();
UART.H(82): warning:  #1295-D: Deprecated declaration UART2_Init - give arg types
  void UART2_Init();
UART.H(83): warning:  #1295-D: Deprecated declaration UART5_INIT - give arg types
  void UART5_INIT();
UART.H(84): warning:  #1295-D: Deprecated declaration GetChar_PC - give arg types
  char GetChar_PC();
UART.H(85): warning:  #1295-D: Deprecated declaration readChar - give arg types
  char readChar();
UART.H(86): warning:  #1295-D: Deprecated declaration printChar - give arg types
  char printChar();
UART.H(87): warning:  #1295-D: Deprecated declaration transChar - give arg types
  void transChar();
UART.H(90): warning:  #1-D: last line of file ends without a newline
  #endif 
GPIO.c: 12 warnings, 0 errors
compiling LED.c...
GPS.h(7): warning:  #1295-D: Deprecated declaration Check_GGA - give arg types
  uint8_t Check_GGA();
GPS.h(8): warning:  #1295-D: Deprecated declaration Get_String - give arg types
  void Get_String();
GPS.h(10): warning:  #1295-D: Deprecated declaration Check_fix - give arg types
  uint8_t Check_fix();
GPS.h(13): warning:  #1-D: last line of file ends without a newline
  double Get_Path_Coordinates(uint8_t *input, uint8_t axis ,uint8_t hold_array[MAX_FIELDS][MAX_FIELD_LENGTH] );
LED.c: 4 warnings, 0 errors
compiling GPS.c...
GPS.h(7): warning:  #1295-D: Deprecated declaration Check_GGA - give arg types
  uint8_t Check_GGA();
GPS.h(8): warning:  #1295-D: Deprecated declaration Get_String - give arg types
  void Get_String();
GPS.h(10): warning:  #1295-D: Deprecated declaration Check_fix - give arg types
  uint8_t Check_fix();
GPS.h(13): warning:  #1-D: last line of file ends without a newline
  double Get_Path_Coordinates(uint8_t *input, uint8_t axis ,uint8_t hold_array[MAX_FIELDS][MAX_FIELD_LENGTH] );
GPIO.h(71): warning:  #1295-D: Deprecated declaration PORTF_INIT - give arg types
  void PORTF_INIT();
GPIO.h(73): warning:  #1-D: last line of file ends without a newline
  #endif
GPIO.h(73): warning:  #1-D: last line of file ends without a newline
  #endif
UART.h(80): warning:  #1295-D: Deprecated declaration PORTA_UART_INIT - give arg types
  void PORTA_UART_INIT();
UART.h(81): warning:  #1295-D: Deprecated declaration PORTD_UART_INIT - give arg types
  void PORTD_UART_INIT();
UART.h(82): warning:  #1295-D: Deprecated declaration UART2_Init - give arg types
  void UART2_Init();
UART.h(83): warning:  #1295-D: Deprecated declaration UART5_INIT - give arg types
  void UART5_INIT();
UART.h(84): warning:  #1295-D: Deprecated declaration GetChar_PC - give arg types
  char GetChar_PC();
UART.h(85): warning:  #1295-D: Deprecated declaration readChar - give arg types
  char readChar();
UART.h(86): warning:  #1295-D: Deprecated declaration printChar - give arg types
  char printChar();
UART.h(87): warning:  #1295-D: Deprecated declaration transChar - give arg types
  void transChar();
UART.h(90): warning:  #1-D: last line of file ends without a newline
  #endif 
GPS.c(82): warning:  #167-D: argument of type "uint8_t *" is incompatible with parameter of type "char *restrict"
      token = strtok(input, ",");
GPS.c(82): warning:  #513-D: a value of type "char *" cannot be assigned to an entity of type "uint8_t *"
      token = strtok(input, ",");
GPS.c(76): warning:  #550-D: variable "token" was set but never used
                uint8_t *token;
GPS.c(78): warning:  #177-D: variable "fieldCount" was declared but never referenced
                int fieldCount = 0;
GPS.c(115): warning:  #167-D: argument of type "uint8_t *" is incompatible with parameter of type "const char *restrict"
      latitude = strtod(hold_array[2], NULL);
GPS.c(122): warning:  #167-D: argument of type "uint8_t *" is incompatible with parameter of type "const char *restrict"
       longitude = strtod(hold_array[4], NULL);
GPS.c(136): warning:  #940-D: missing return statement at end of non-void function "Get_Path_Coordinates"
  }
GPS.c(137): warning:  #1-D: last line of file ends without a newline
        
GPS.c: 24 warnings, 0 errors
compiling EEPROM.c...
EEPROM.h(20): warning:  #1-D: last line of file ends without a newline
        
BIT_MATH.h(12): warning:  #1-D: last line of file ends without a newline
  #endif
EEPROM.c(14): warning:  #1-D: last line of file ends without a newline
    }
EEPROM.c: 3 warnings, 0 errors
linking...
Program Size: Code=4728 RO-data=716 RW-data=4 ZI-data=516  
".\UART_GPS.axf" - 0 Error(s), 77 Warning(s).
Load "E:\\Tiva_c\\UART_GPS - Copy\\UART_GPS.axf" 
Connecting: Mode=JTAG, Speed=1000000Hz
Erase Done.
Programming Done.
Verify OK.
ta=652 RW-data=4 ZI-data=516  
".\UART_GPS.axf" - 0 Error(s), 80 Warning(s).
Load "E:\\Tiva_c\\UART_GPS - Copy\\UART_GPS.axf" 
Connecting: Mode=JTAG, Speed=1000000Hz
Erase Done.
Programming Done.
Verify OK.
, Speed=1000000Hz
Erase Done.
Programming Done.
Verify OK.
Load "E:\\Tiva_c\\UART_GPS - Copy\\UART_GPS.axf" 
Connecting: Mode=JTAG, Speed=1000000Hz
Erase Done.
Programming Done.
Verify OK.
ay[5] == 'W'){longitude = -longitude;}
GPS.c(150): warning:  #940-D: missing return statement at end of non-void function "get_coordinates"
  }
GPS.c(151): warning:  #1-D: last line of file ends without a newline
        
GPS.c: 24 warnings, 8 errors
".\UART_GPS.axf" - 10 Error(s), 72 Warning(s).
Target not created
