ARM Linker, 5.03 [Build 76] [MDK-ARM Lite]

==============================================================================

Section Cross References

    startup_tm4c123.o(RESET) refers to startup_tm4c123.o(STACK) for __initial_sp
    startup_tm4c123.o(RESET) refers to startup_tm4c123.o(.text) for Reset_Handler
    startup_tm4c123.o(.text) refers to entry.o(.ARM.Collect$$$$00000000) for __main
    main.o(.text) refers to uart.o(.text) for PORTA_UART_INIT
    main.o(.text) refers to gpio.o(.text) for PORTF_INIT
    main.o(.text) refers to memseta.o(.text) for __aeabi_memclr4
    main.o(.text) refers to gps.o(.text) for Get_Data
    gps.o(.text) refers to strtok.o(.text) for strtok
    gps.o(.text) refers to strtod.o(i.__hardfp_strtod) for __hardfp_strtod
    gps.o(.text) refers to ddiv.o(.text) for __aeabi_ddiv
    gps.o(.text) refers to dfixui.o(.text) for __aeabi_d2uiz
    gps.o(.text) refers to dflti.o(.text) for __aeabi_i2d
    gps.o(.text) refers to dadd.o(.text) for __aeabi_drsub
    gps.o(.text) refers to dfltui.o(.text) for __aeabi_ui2d
    gps.o(.text) refers to dmul.o(.text) for __aeabi_dmul
    strtod.o(i.__hardfp_strtod) refers (Special) to iusefp.o(.text) for __I$use$fp
    strtod.o(i.__hardfp_strtod) refers to strtod.o(.text) for __strtod_int
    strtod.o(i.__softfp_strtod) refers (Special) to iusefp.o(.text) for __I$use$fp
    strtod.o(i.__softfp_strtod) refers to strtod.o(.text) for __strtod_int
    strtod.o(i.strtod) refers (Special) to iusefp.o(.text) for __I$use$fp
    strtod.o(i.strtod) refers to strtod.o(.text) for __strtod_int
    entry.o(.ARM.Collect$$$$00000000) refers (Special) to entry10a.o(.ARM.Collect$$$$0000000D) for __rt_final_cpp
    entry.o(.ARM.Collect$$$$00000000) refers (Special) to entry11a.o(.ARM.Collect$$$$0000000F) for __rt_final_exit
    entry.o(.ARM.Collect$$$$00000000) refers (Special) to entry7b.o(.ARM.Collect$$$$00000008) for _main_clock
    entry.o(.ARM.Collect$$$$00000000) refers (Special) to entry8b.o(.ARM.Collect$$$$0000000A) for _main_cpp_init
    entry.o(.ARM.Collect$$$$00000000) refers (Special) to entry9a.o(.ARM.Collect$$$$0000000B) for _main_init
    entry.o(.ARM.Collect$$$$00000000) refers (Special) to entry5.o(.ARM.Collect$$$$00000004) for _main_scatterload
    entry.o(.ARM.Collect$$$$00000000) refers (Special) to entry2.o(.ARM.Collect$$$$00000001) for _main_stk
    strtok.o(.text) refers to strtok.o(.data) for .data
    strtok_r.o(.text) refers to strtok_r.o(.data) for .data
    dadd.o(.text) refers (Special) to iusefp.o(.text) for __I$use$fp
    dadd.o(.text) refers to llshl.o(.text) for __aeabi_llsl
    dadd.o(.text) refers to llsshr.o(.text) for __aeabi_lasr
    dadd.o(.text) refers to depilogue.o(.text) for _double_epilogue
    dmul.o(.text) refers (Special) to iusefp.o(.text) for __I$use$fp
    dmul.o(.text) refers to depilogue.o(.text) for _double_epilogue
    ddiv.o(.text) refers (Special) to iusefp.o(.text) for __I$use$fp
    ddiv.o(.text) refers to depilogue.o(.text) for _double_round
    dneg.o(.text) refers (Special) to iusefp.o(.text) for __I$use$fp
    dflti.o(.text) refers (Special) to iusefp.o(.text) for __I$use$fp
    dflti.o(.text) refers to depilogue.o(.text) for _double_epilogue
    dfltui.o(.text) refers (Special) to iusefp.o(.text) for __I$use$fp
    dfltui.o(.text) refers to depilogue.o(.text) for _double_epilogue
    dfixui.o(.text) refers (Special) to iusefp.o(.text) for __I$use$fp
    dfixui.o(.text) refers to llushr.o(.text) for __aeabi_llsr
    entry2.o(.ARM.Collect$$$$00000001) refers to entry2.o(.ARM.Collect$$$$00002712) for __lit__00000000
    entry2.o(.ARM.Collect$$$$00002712) refers to startup_tm4c123.o(STACK) for __initial_sp
    entry2.o(__vectab_stack_and_reset_area) refers to startup_tm4c123.o(STACK) for __initial_sp
    entry2.o(__vectab_stack_and_reset_area) refers to entry.o(.ARM.Collect$$$$00000000) for __main
    entry5.o(.ARM.Collect$$$$00000004) refers to init.o(.text) for __scatterload
    entry9a.o(.ARM.Collect$$$$0000000B) refers to main.o(.text) for main
    entry9b.o(.ARM.Collect$$$$0000000C) refers to main.o(.text) for main
    strtod.o(.text) refers to scanf_fp.o(.text) for _scanf_real
    strtod.o(.text) refers to _sgetc.o(.text) for _sgetc
    strtod.o(.text) refers to isspace_c.o(.text) for isspace
    depilogue.o(.text) refers to llshl.o(.text) for __aeabi_llsl
    depilogue.o(.text) refers to llushr.o(.text) for __aeabi_llsr
    init.o(.text) refers to entry5.o(.ARM.Collect$$$$00000004) for __main_after_scatterload
    isspace_c.o(.text) refers to ctype_c.o(.text) for __ctype_lookup
    scanf_fp.o(.text) refers (Special) to iusefp.o(.text) for __I$use$fp
    scanf_fp.o(.text) refers to dfltul.o(.text) for __aeabi_ul2d
    scanf_fp.o(.text) refers to dmul.o(.text) for __aeabi_dmul
    scanf_fp.o(.text) refers to ddiv.o(.text) for __aeabi_ddiv
    scanf_fp.o(.text) refers to scanf_fp.o(i._is_digit) for _is_digit
    scanf_fp.o(.text) refers to d2f.o(.text) for __aeabi_d2f
    ctype_c.o(.text) refers to ctype_c.o(.constdata) for .constdata
    dfltul.o(.text) refers to depilogue.o(.text) for _double_epilogue
    d2f.o(.text) refers to fepilogue.o(.text) for _float_round
    scanf_fp.o(i._is_digit) refers (Special) to iusefp.o(.text) for __I$use$fp


==============================================================================

Removing Unused input sections from the image.

    Removing startup_tm4c123.o(HEAP), (0 bytes).
    Removing eeprom.o(.text), (72 bytes).
    Removing dneg.o(.text), (6 bytes).

3 unused section(s) (total 78 bytes) removed from the image.

==============================================================================

Image Symbol Table

    Local Symbols

    Symbol Name                              Value     Ov Type        Size  Object(Section)

    RESET                                    0x00000000   Section      620  startup_tm4c123.o(RESET)
    ../clib/microlib/ctype/ctype.c           0x00000000   Number         0  isspace_c.o ABSOLUTE
    ../clib/microlib/ctype/ctype.c           0x00000000   Number         0  ctype_c.o ABSOLUTE
    ../clib/microlib/init/entry.s            0x00000000   Number         0  entry7b.o ABSOLUTE
    ../clib/microlib/init/entry.s            0x00000000   Number         0  entry11a.o ABSOLUTE
    ../clib/microlib/init/entry.s            0x00000000   Number         0  entry11b.o ABSOLUTE
    ../clib/microlib/init/entry.s            0x00000000   Number         0  entry10b.o ABSOLUTE
    ../clib/microlib/init/entry.s            0x00000000   Number         0  entry10a.o ABSOLUTE
    ../clib/microlib/init/entry.s            0x00000000   Number         0  entry2.o ABSOLUTE
    ../clib/microlib/init/entry.s            0x00000000   Number         0  entry9b.o ABSOLUTE
    ../clib/microlib/init/entry.s            0x00000000   Number         0  entry9a.o ABSOLUTE
    ../clib/microlib/init/entry.s            0x00000000   Number         0  entry8b.o ABSOLUTE
    ../clib/microlib/init/entry.s            0x00000000   Number         0  entry5.o ABSOLUTE
    ../clib/microlib/init/entry.s            0x00000000   Number         0  entry8a.o ABSOLUTE
    ../clib/microlib/init/entry.s            0x00000000   Number         0  entry7a.o ABSOLUTE
    ../clib/microlib/init/entry.s            0x00000000   Number         0  entry.o ABSOLUTE
    ../clib/microlib/longlong.c              0x00000000   Number         0  llushr.o ABSOLUTE
    ../clib/microlib/longlong.c              0x00000000   Number         0  llshl.o ABSOLUTE
    ../clib/microlib/longlong.c              0x00000000   Number         0  llsshr.o ABSOLUTE
    ../clib/microlib/string/memset.c         0x00000000   Number         0  memseta.o ABSOLUTE
    ../clib/microlib/string/strtok.c         0x00000000   Number         0  strtok.o ABSOLUTE
    ../clib/microlib/string/strtok.c         0x00000000   Number         0  strtok_r.o ABSOLUTE
    ../clib/microlib/stubs.s                 0x00000000   Number         0  iusefp.o ABSOLUTE
    ../clib/scanf.c                          0x00000000   Number         0  _sgetc.o ABSOLUTE
    ../clib/scanf.c                          0x00000000   Number         0  scanf_fp.o ABSOLUTE
    ../clib/scanf.c                          0x00000000   Number         0  strtod.o ABSOLUTE
    ../fplib/microlib/d2f.c                  0x00000000   Number         0  d2f.o ABSOLUTE
    ../fplib/microlib/fpadd.c                0x00000000   Number         0  dadd.o ABSOLUTE
    ../fplib/microlib/fpdiv.c                0x00000000   Number         0  ddiv.o ABSOLUTE
    ../fplib/microlib/fpepilogue.c           0x00000000   Number         0  depilogue.o ABSOLUTE
    ../fplib/microlib/fpepilogue.c           0x00000000   Number         0  fepilogue.o ABSOLUTE
    ../fplib/microlib/fpfix.c                0x00000000   Number         0  dfixui.o ABSOLUTE
    ../fplib/microlib/fpflt.c                0x00000000   Number         0  dflti.o ABSOLUTE
    ../fplib/microlib/fpflt.c                0x00000000   Number         0  dfltui.o ABSOLUTE
    ../fplib/microlib/fpflt.c                0x00000000   Number         0  dfltul.o ABSOLUTE
    ../fplib/microlib/fpmul.c                0x00000000   Number         0  dmul.o ABSOLUTE
    ../fplib/microlib/fpneg.c                0x00000000   Number         0  dneg.o ABSOLUTE
    ../mathlib/strtod.c                      0x00000000   Number         0  strtod.o ABSOLUTE
    EEPROM.c                                 0x00000000   Number         0  eeprom.o ABSOLUTE
    GPIO.c                                   0x00000000   Number         0  gpio.o ABSOLUTE
    GPS.c                                    0x00000000   Number         0  gps.o ABSOLUTE
    LED.c                                    0x00000000   Number         0  led.o ABSOLUTE
    UART.c                                   0x00000000   Number         0  uart.o ABSOLUTE
    dc.s                                     0x00000000   Number         0  dc.o ABSOLUTE
    handlers.s                               0x00000000   Number         0  handlers.o ABSOLUTE
    init.s                                   0x00000000   Number         0  init.o ABSOLUTE
    main.c                                   0x00000000   Number         0  main.o ABSOLUTE
    startup_TM4C123.s                        0x00000000   Number         0  startup_tm4c123.o ABSOLUTE
    .ARM.Collect$$$$00000000                 0x0000026c   Section        0  entry.o(.ARM.Collect$$$$00000000)
    .ARM.Collect$$$$00000001                 0x0000026c   Section        4  entry2.o(.ARM.Collect$$$$00000001)
    .ARM.Collect$$$$00000004                 0x00000270   Section        4  entry5.o(.ARM.Collect$$$$00000004)
    .ARM.Collect$$$$00000008                 0x00000274   Section        0  entry7b.o(.ARM.Collect$$$$00000008)
    .ARM.Collect$$$$0000000A                 0x00000274   Section        0  entry8b.o(.ARM.Collect$$$$0000000A)
    .ARM.Collect$$$$0000000B                 0x00000274   Section        8  entry9a.o(.ARM.Collect$$$$0000000B)
    .ARM.Collect$$$$0000000D                 0x0000027c   Section        0  entry10a.o(.ARM.Collect$$$$0000000D)
    .ARM.Collect$$$$0000000F                 0x0000027c   Section        0  entry11a.o(.ARM.Collect$$$$0000000F)
    .ARM.Collect$$$$00002712                 0x0000027c   Section        4  entry2.o(.ARM.Collect$$$$00002712)
    __lit__00000000                          0x0000027c   Data           4  entry2.o(.ARM.Collect$$$$00002712)
    .text                                    0x00000280   Section      244  startup_tm4c123.o(.text)
    $v0                                      0x00000280   Number         0  startup_tm4c123.o(.text)
    .text                                    0x00000374   Section        0  main.o(.text)
    .text                                    0x000003c4   Section        0  uart.o(.text)
    .text                                    0x000006a8   Section        0  gpio.o(.text)
    .text                                    0x000007b8   Section        0  gps.o(.text)
    .text                                    0x00000a5c   Section        0  memseta.o(.text)
    .text                                    0x00000a80   Section        0  strtok.o(.text)
    .text                                    0x00000ac4   Section        0  dadd.o(.text)
    .text                                    0x00000c12   Section        0  dmul.o(.text)
    .text                                    0x00000cf6   Section        0  ddiv.o(.text)
    .text                                    0x00000dd4   Section        0  dflti.o(.text)
    .text                                    0x00000df6   Section        0  dfltui.o(.text)
    .text                                    0x00000e10   Section        0  dfixui.o(.text)
    .text                                    0x00000e42   Section        0  llshl.o(.text)
    .text                                    0x00000e60   Section        0  llushr.o(.text)
    .text                                    0x00000e80   Section        0  llsshr.o(.text)
    .text                                    0x00000ea4   Section        0  strtod.o(.text)
    _local_sscanf                            0x00000ea5   Thumb Code    54  strtod.o(.text)
    .text                                    0x00000f40   Section        0  iusefp.o(.text)
    .text                                    0x00000f40   Section        0  depilogue.o(.text)
    .text                                    0x00001000   Section       36  init.o(.text)
    .text                                    0x00001024   Section        0  isspace_c.o(.text)
    .text                                    0x00001030   Section        0  scanf_fp.o(.text)
    _fp_value                                0x00001031   Thumb Code   256  scanf_fp.o(.text)
    .text                                    0x0000136c   Section        0  _sgetc.o(.text)
    .text                                    0x000013ac   Section        0  ctype_c.o(.text)
    .text                                    0x000013d4   Section        0  dfltul.o(.text)
    .text                                    0x000013ec   Section        0  d2f.o(.text)
    .text                                    0x00001424   Section        0  fepilogue.o(.text)
    i.__hardfp_strtod                        0x00001490   Section        0  strtod.o(i.__hardfp_strtod)
    i.__scatterload_copy                     0x000014b8   Section       14  handlers.o(i.__scatterload_copy)
    i.__scatterload_null                     0x000014c6   Section        2  handlers.o(i.__scatterload_null)
    i.__scatterload_zeroinit                 0x000014c8   Section       14  handlers.o(i.__scatterload_zeroinit)
    i._is_digit                              0x000014d6   Section        0  scanf_fp.o(i._is_digit)
    .constdata                               0x000014e4   Section       64  ctype_c.o(.constdata)
    .data                                    0x20000000   Section        4  strtok.o(.data)
    state                                    0x20000000   Data           4  strtok.o(.data)
    STACK                                    0x20000008   Section      512  startup_tm4c123.o(STACK)

    Global Symbols

    Symbol Name                              Value     Ov Type        Size  Object(Section)

    BuildAttributes$$THM_ISAv4$E$P$D$K$B$S$7EM$VFPi3$EXTD16$VFPS$VFMA$PE$A:L22UL41UL21$X:L11$S22US41US21$IEEE1$IW$USESV6$~STKCKD$USESV7$~SHL$OTIME$ROPI$IEEEJ$EBA8$MICROLIB$REQ8$PRES8$EABIv2 0x00000000   Number         0  anon$$obj.o ABSOLUTE
    __ARM_use_no_argv                        0x00000000   Number         0  main.o ABSOLUTE
    __Vectors                                0x00000000   Data           4  startup_tm4c123.o(RESET)
    __cpp_initialize__aeabi_                  - Undefined Weak Reference
    __cxa_finalize                            - Undefined Weak Reference
    __decompress                              - Undefined Weak Reference
    _clock_init                               - Undefined Weak Reference
    _microlib_exit                            - Undefined Weak Reference
    __Vectors_End                            0x0000026c   Data           0  startup_tm4c123.o(RESET)
    __Vectors_Size                           0x0000026c   Number         0  startup_tm4c123.o ABSOLUTE
    __main                                   0x0000026d   Thumb Code     0  entry.o(.ARM.Collect$$$$00000000)
    _main_stk                                0x0000026d   Thumb Code     0  entry2.o(.ARM.Collect$$$$00000001)
    _main_scatterload                        0x00000271   Thumb Code     0  entry5.o(.ARM.Collect$$$$00000004)
    __main_after_scatterload                 0x00000275   Thumb Code     0  entry5.o(.ARM.Collect$$$$00000004)
    _main_clock                              0x00000275   Thumb Code     0  entry7b.o(.ARM.Collect$$$$00000008)
    _main_cpp_init                           0x00000275   Thumb Code     0  entry8b.o(.ARM.Collect$$$$0000000A)
    _main_init                               0x00000275   Thumb Code     0  entry9a.o(.ARM.Collect$$$$0000000B)
    __rt_final_cpp                           0x0000027d   Thumb Code     0  entry10a.o(.ARM.Collect$$$$0000000D)
    __rt_final_exit                          0x0000027d   Thumb Code     0  entry11a.o(.ARM.Collect$$$$0000000F)
    Reset_Handler                            0x00000281   Thumb Code     4  startup_tm4c123.o(.text)
    NMI_Handler                              0x00000285   Thumb Code     2  startup_tm4c123.o(.text)
    HardFault_Handler                        0x00000287   Thumb Code     2  startup_tm4c123.o(.text)
    MemManage_Handler                        0x00000289   Thumb Code     2  startup_tm4c123.o(.text)
    BusFault_Handler                         0x0000028b   Thumb Code     2  startup_tm4c123.o(.text)
    UsageFault_Handler                       0x0000028d   Thumb Code     2  startup_tm4c123.o(.text)
    SVC_Handler                              0x0000028f   Thumb Code     2  startup_tm4c123.o(.text)
    DebugMon_Handler                         0x00000291   Thumb Code     2  startup_tm4c123.o(.text)
    PendSV_Handler                           0x00000293   Thumb Code     2  startup_tm4c123.o(.text)
    SysTick_Handler                          0x00000295   Thumb Code     2  startup_tm4c123.o(.text)
    GPIOA_Handler                            0x00000297   Thumb Code     2  startup_tm4c123.o(.text)
    GPIOB_Handler                            0x00000299   Thumb Code     2  startup_tm4c123.o(.text)
    GPIOC_Handler                            0x0000029b   Thumb Code     2  startup_tm4c123.o(.text)
    GPIOD_Handler                            0x0000029d   Thumb Code     2  startup_tm4c123.o(.text)
    GPIOE_Handler                            0x0000029f   Thumb Code     2  startup_tm4c123.o(.text)
    UART0_Handler                            0x000002a1   Thumb Code     2  startup_tm4c123.o(.text)
    UART1_Handler                            0x000002a3   Thumb Code     2  startup_tm4c123.o(.text)
    SSI0_Handler                             0x000002a5   Thumb Code     2  startup_tm4c123.o(.text)
    I2C0_Handler                             0x000002a7   Thumb Code     2  startup_tm4c123.o(.text)
    PMW0_FAULT_Handler                       0x000002a9   Thumb Code     2  startup_tm4c123.o(.text)
    PWM0_0_Handler                           0x000002ab   Thumb Code     2  startup_tm4c123.o(.text)
    PWM0_1_Handler                           0x000002ad   Thumb Code     2  startup_tm4c123.o(.text)
    PWM0_2_Handler                           0x000002af   Thumb Code     2  startup_tm4c123.o(.text)
    QEI0_Handler                             0x000002b1   Thumb Code     2  startup_tm4c123.o(.text)
    ADC0SS0_Handler                          0x000002b3   Thumb Code     2  startup_tm4c123.o(.text)
    ADC0SS1_Handler                          0x000002b5   Thumb Code     2  startup_tm4c123.o(.text)
    ADC0SS2_Handler                          0x000002b7   Thumb Code     2  startup_tm4c123.o(.text)
    ADC0SS3_Handler                          0x000002b9   Thumb Code     2  startup_tm4c123.o(.text)
    WDT0_Handler                             0x000002bb   Thumb Code     2  startup_tm4c123.o(.text)
    TIMER0A_Handler                          0x000002bd   Thumb Code     2  startup_tm4c123.o(.text)
    TIMER0B_Handler                          0x000002bf   Thumb Code     2  startup_tm4c123.o(.text)
    TIMER1A_Handler                          0x000002c1   Thumb Code     2  startup_tm4c123.o(.text)
    TIMER1B_Handler                          0x000002c3   Thumb Code     2  startup_tm4c123.o(.text)
    TIMER2A_Handler                          0x000002c5   Thumb Code     2  startup_tm4c123.o(.text)
    TIMER2B_Handler                          0x000002c7   Thumb Code     2  startup_tm4c123.o(.text)
    COMP0_Handler                            0x000002c9   Thumb Code     2  startup_tm4c123.o(.text)
    COMP1_Handler                            0x000002cb   Thumb Code     2  startup_tm4c123.o(.text)
    COMP2_Handler                            0x000002cd   Thumb Code     2  startup_tm4c123.o(.text)
    SYSCTL_Handler                           0x000002cf   Thumb Code     2  startup_tm4c123.o(.text)
    FLASH_Handler                            0x000002d1   Thumb Code     2  startup_tm4c123.o(.text)
    GPIOF_Handler                            0x000002d3   Thumb Code     2  startup_tm4c123.o(.text)
    GPIOG_Handler                            0x000002d5   Thumb Code     2  startup_tm4c123.o(.text)
    GPIOH_Handler                            0x000002d7   Thumb Code     2  startup_tm4c123.o(.text)
    UART2_Handler                            0x000002d9   Thumb Code     2  startup_tm4c123.o(.text)
    SSI1_Handler                             0x000002db   Thumb Code     2  startup_tm4c123.o(.text)
    TIMER3A_Handler                          0x000002dd   Thumb Code     2  startup_tm4c123.o(.text)
    TIMER3B_Handler                          0x000002df   Thumb Code     2  startup_tm4c123.o(.text)
    I2C1_Handler                             0x000002e1   Thumb Code     2  startup_tm4c123.o(.text)
    QEI1_Handler                             0x000002e3   Thumb Code     2  startup_tm4c123.o(.text)
    CAN0_Handler                             0x000002e5   Thumb Code     2  startup_tm4c123.o(.text)
    CAN1_Handler                             0x000002e7   Thumb Code     2  startup_tm4c123.o(.text)
    CAN2_Handler                             0x000002e9   Thumb Code     2  startup_tm4c123.o(.text)
    HIB_Handler                              0x000002eb   Thumb Code     2  startup_tm4c123.o(.text)
    USB0_Handler                             0x000002ed   Thumb Code     2  startup_tm4c123.o(.text)
    PWM0_3_Handler                           0x000002ef   Thumb Code     2  startup_tm4c123.o(.text)
    UDMA_Handler                             0x000002f1   Thumb Code     2  startup_tm4c123.o(.text)
    UDMAERR_Handler                          0x000002f3   Thumb Code     2  startup_tm4c123.o(.text)
    ADC1SS0_Handler                          0x000002f5   Thumb Code     2  startup_tm4c123.o(.text)
    ADC1SS1_Handler                          0x000002f7   Thumb Code     2  startup_tm4c123.o(.text)
    ADC1SS2_Handler                          0x000002f9   Thumb Code     2  startup_tm4c123.o(.text)
    ADC1SS3_Handler                          0x000002fb   Thumb Code     2  startup_tm4c123.o(.text)
    GPIOJ_Handler                            0x000002fd   Thumb Code     2  startup_tm4c123.o(.text)
    GPIOK_Handler                            0x000002ff   Thumb Code     2  startup_tm4c123.o(.text)
    GPIOL_Handler                            0x00000301   Thumb Code     2  startup_tm4c123.o(.text)
    SSI2_Handler                             0x00000303   Thumb Code     2  startup_tm4c123.o(.text)
    SSI3_Handler                             0x00000305   Thumb Code     2  startup_tm4c123.o(.text)
    UART3_Handler                            0x00000307   Thumb Code     2  startup_tm4c123.o(.text)
    UART4_Handler                            0x00000309   Thumb Code     2  startup_tm4c123.o(.text)
    UART5_Handler                            0x0000030b   Thumb Code     2  startup_tm4c123.o(.text)
    UART6_Handler                            0x0000030d   Thumb Code     2  startup_tm4c123.o(.text)
    UART7_Handler                            0x0000030f   Thumb Code     2  startup_tm4c123.o(.text)
    I2C2_Handler                             0x00000311   Thumb Code     2  startup_tm4c123.o(.text)
    I2C3_Handler                             0x00000313   Thumb Code     2  startup_tm4c123.o(.text)
    TIMER4A_Handler                          0x00000315   Thumb Code     2  startup_tm4c123.o(.text)
    TIMER4B_Handler                          0x00000317   Thumb Code     2  startup_tm4c123.o(.text)
    TIMER5A_Handler                          0x00000319   Thumb Code     2  startup_tm4c123.o(.text)
    TIMER5B_Handler                          0x0000031b   Thumb Code     2  startup_tm4c123.o(.text)
    WTIMER0A_Handler                         0x0000031d   Thumb Code     2  startup_tm4c123.o(.text)
    WTIMER0B_Handler                         0x0000031f   Thumb Code     2  startup_tm4c123.o(.text)
    WTIMER1A_Handler                         0x00000321   Thumb Code     2  startup_tm4c123.o(.text)
    WTIMER1B_Handler                         0x00000323   Thumb Code     2  startup_tm4c123.o(.text)
    WTIMER2A_Handler                         0x00000325   Thumb Code     2  startup_tm4c123.o(.text)
    WTIMER2B_Handler                         0x00000327   Thumb Code     2  startup_tm4c123.o(.text)
    WTIMER3A_Handler                         0x00000329   Thumb Code     2  startup_tm4c123.o(.text)
    WTIMER3B_Handler                         0x0000032b   Thumb Code     2  startup_tm4c123.o(.text)
    WTIMER4A_Handler                         0x0000032d   Thumb Code     2  startup_tm4c123.o(.text)
    WTIMER4B_Handler                         0x0000032f   Thumb Code     2  startup_tm4c123.o(.text)
    WTIMER5A_Handler                         0x00000331   Thumb Code     2  startup_tm4c123.o(.text)
    WTIMER5B_Handler                         0x00000333   Thumb Code     2  startup_tm4c123.o(.text)
    FPU_Handler                              0x00000335   Thumb Code     2  startup_tm4c123.o(.text)
    I2C4_Handler                             0x00000337   Thumb Code     2  startup_tm4c123.o(.text)
    I2C5_Handler                             0x00000339   Thumb Code     2  startup_tm4c123.o(.text)
    GPIOM_Handler                            0x0000033b   Thumb Code     2  startup_tm4c123.o(.text)
    GPION_Handler                            0x0000033d   Thumb Code     2  startup_tm4c123.o(.text)
    QEI2_Handler                             0x0000033f   Thumb Code     2  startup_tm4c123.o(.text)
    GPIOP0_Handler                           0x00000341   Thumb Code     2  startup_tm4c123.o(.text)
    GPIOP1_Handler                           0x00000343   Thumb Code     2  startup_tm4c123.o(.text)
    GPIOP2_Handler                           0x00000345   Thumb Code     2  startup_tm4c123.o(.text)
    GPIOP3_Handler                           0x00000347   Thumb Code     2  startup_tm4c123.o(.text)
    GPIOP4_Handler                           0x00000349   Thumb Code     2  startup_tm4c123.o(.text)
    GPIOP5_Handler                           0x0000034b   Thumb Code     2  startup_tm4c123.o(.text)
    GPIOP6_Handler                           0x0000034d   Thumb Code     2  startup_tm4c123.o(.text)
    GPIOP7_Handler                           0x0000034f   Thumb Code     2  startup_tm4c123.o(.text)
    GPIOQ0_Handler                           0x00000351   Thumb Code     2  startup_tm4c123.o(.text)
    GPIOQ1_Handler                           0x00000353   Thumb Code     2  startup_tm4c123.o(.text)
    GPIOQ2_Handler                           0x00000355   Thumb Code     2  startup_tm4c123.o(.text)
    GPIOQ3_Handler                           0x00000357   Thumb Code     2  startup_tm4c123.o(.text)
    GPIOQ4_Handler                           0x00000359   Thumb Code     2  startup_tm4c123.o(.text)
    GPIOQ5_Handler                           0x0000035b   Thumb Code     2  startup_tm4c123.o(.text)
    GPIOQ6_Handler                           0x0000035d   Thumb Code     2  startup_tm4c123.o(.text)
    GPIOQ7_Handler                           0x0000035f   Thumb Code     2  startup_tm4c123.o(.text)
    GPIOR_Handler                            0x00000361   Thumb Code     2  startup_tm4c123.o(.text)
    GPIOS_Handler                            0x00000363   Thumb Code     2  startup_tm4c123.o(.text)
    PMW1_0_Handler                           0x00000365   Thumb Code     2  startup_tm4c123.o(.text)
    PWM1_1_Handler                           0x00000367   Thumb Code     2  startup_tm4c123.o(.text)
    PWM1_2_Handler                           0x00000369   Thumb Code     2  startup_tm4c123.o(.text)
    PWM1_3_Handler                           0x0000036b   Thumb Code     2  startup_tm4c123.o(.text)
    PWM1_FAULT_Handler                       0x0000036d   Thumb Code     2  startup_tm4c123.o(.text)
    main                                     0x00000375   Thumb Code    76  main.o(.text)
    PORTC_UART_INIT                          0x000003c5   Thumb Code     2  uart.o(.text)
    PORTA_UART_INIT                          0x000003c7   Thumb Code   156  uart.o(.text)
    PORTD_UART_INIT                          0x00000463   Thumb Code   150  uart.o(.text)
    UART2_Init                               0x000004f9   Thumb Code   112  uart.o(.text)
    UART5_INIT                               0x00000569   Thumb Code   134  uart.o(.text)
    GetChar_PC                               0x000005ef   Thumb Code    20  uart.o(.text)
    GetChar_GPS                              0x00000603   Thumb Code    20  uart.o(.text)
    transChar                                0x00000617   Thumb Code    34  uart.o(.text)
    printString                              0x00000639   Thumb Code    30  uart.o(.text)
    printString2                             0x00000657   Thumb Code    30  uart.o(.text)
    PORTF_INIT                               0x000006a9   Thumb Code   122  gpio.o(.text)
    PORTA_INIT                               0x00000723   Thumb Code   122  gpio.o(.text)
    Check_GGA                                0x000007b9   Thumb Code    28  gps.o(.text)
    Get_String                               0x000007d5   Thumb Code    44  gps.o(.text)
    Get_Data                                 0x00000801   Thumb Code    76  gps.o(.text)
    Check_fix                                0x0000084d   Thumb Code    14  gps.o(.text)
    split_str                                0x0000085b   Thumb Code    24  gps.o(.text)
    Get_Path_Coordinates                     0x00000873   Thumb Code   458  gps.o(.text)
    __aeabi_memset                           0x00000a5d   Thumb Code    14  memseta.o(.text)
    __aeabi_memset4                          0x00000a5d   Thumb Code     0  memseta.o(.text)
    __aeabi_memset8                          0x00000a5d   Thumb Code     0  memseta.o(.text)
    __aeabi_memclr                           0x00000a6b   Thumb Code     4  memseta.o(.text)
    __aeabi_memclr4                          0x00000a6b   Thumb Code     0  memseta.o(.text)
    __aeabi_memclr8                          0x00000a6b   Thumb Code     0  memseta.o(.text)
    _memset$wrapper                          0x00000a6f   Thumb Code    18  memseta.o(.text)
    strtok                                   0x00000a81   Thumb Code    62  strtok.o(.text)
    __aeabi_dadd                             0x00000ac5   Thumb Code   322  dadd.o(.text)
    __aeabi_dsub                             0x00000c07   Thumb Code     6  dadd.o(.text)
    __aeabi_drsub                            0x00000c0d   Thumb Code     6  dadd.o(.text)
    __aeabi_dmul                             0x00000c13   Thumb Code   228  dmul.o(.text)
    __aeabi_ddiv                             0x00000cf7   Thumb Code   222  ddiv.o(.text)
    __aeabi_i2d                              0x00000dd5   Thumb Code    34  dflti.o(.text)
    __aeabi_ui2d                             0x00000df7   Thumb Code    26  dfltui.o(.text)
    __aeabi_d2uiz                            0x00000e11   Thumb Code    50  dfixui.o(.text)
    __aeabi_llsl                             0x00000e43   Thumb Code    30  llshl.o(.text)
    _ll_shift_l                              0x00000e43   Thumb Code     0  llshl.o(.text)
    __aeabi_llsr                             0x00000e61   Thumb Code    32  llushr.o(.text)
    _ll_ushift_r                             0x00000e61   Thumb Code     0  llushr.o(.text)
    __aeabi_lasr                             0x00000e81   Thumb Code    36  llsshr.o(.text)
    _ll_sshift_r                             0x00000e81   Thumb Code     0  llsshr.o(.text)
    __strtod_int                             0x00000edb   Thumb Code    88  strtod.o(.text)
    __I$use$fp                               0x00000f41   Thumb Code     0  iusefp.o(.text)
    _double_round                            0x00000f41   Thumb Code    26  depilogue.o(.text)
    _double_epilogue                         0x00000f5b   Thumb Code   164  depilogue.o(.text)
    __scatterload                            0x00001001   Thumb Code    28  init.o(.text)
    __scatterload_rt2                        0x00001001   Thumb Code     0  init.o(.text)
    isspace                                  0x00001025   Thumb Code    10  isspace_c.o(.text)
    _scanf_real                              0x00001131   Thumb Code     0  scanf_fp.o(.text)
    _scanf_really_real                       0x00001131   Thumb Code   560  scanf_fp.o(.text)
    _sgetc                                   0x0000136d   Thumb Code    30  _sgetc.o(.text)
    _sbackspace                              0x0000138b   Thumb Code    34  _sgetc.o(.text)
    __ctype_lookup                           0x000013ad   Thumb Code    34  ctype_c.o(.text)
    __aeabi_ul2d                             0x000013d5   Thumb Code    24  dfltul.o(.text)
    __aeabi_d2f                              0x000013ed   Thumb Code    56  d2f.o(.text)
    _float_round                             0x00001425   Thumb Code    18  fepilogue.o(.text)
    _float_epilogue                          0x00001437   Thumb Code    90  fepilogue.o(.text)
    __hardfp_strtod                          0x00001491   Thumb Code    30  strtod.o(i.__hardfp_strtod)
    __scatterload_copy                       0x000014b9   Thumb Code    14  handlers.o(i.__scatterload_copy)
    __scatterload_null                       0x000014c7   Thumb Code     2  handlers.o(i.__scatterload_null)
    __scatterload_zeroinit                   0x000014c9   Thumb Code    14  handlers.o(i.__scatterload_zeroinit)
    _is_digit                                0x000014d7   Thumb Code    14  scanf_fp.o(i._is_digit)
    __ctype_categories                       0x000014e4   Data          64  ctype_c.o(.constdata)
    Region$$Table$$Base                      0x00001524   Number         0  anon$$obj.o(Region$$Table)
    Region$$Table$$Limit                     0x00001544   Number         0  anon$$obj.o(Region$$Table)
    __initial_sp                             0x20000208   Data           0  startup_tm4c123.o(STACK)



==============================================================================

Memory Map of the image

  Image Entry point : 0x00000281

  Load Region LR_1 (Base: 0x00000000, Size: 0x00001548, Max: 0xffffffff, ABSOLUTE)

    Execution Region ER_RO (Base: 0x00000000, Size: 0x00001544, Max: 0xffffffff, ABSOLUTE)

    Base Addr    Size         Type   Attr      Idx    E Section Name        Object

    0x00000000   0x0000026c   Data   RO            3    RESET               startup_tm4c123.o
    0x0000026c   0x00000000   Code   RO          117  * .ARM.Collect$$$$00000000  mc_w.l(entry.o)
    0x0000026c   0x00000004   Code   RO          142    .ARM.Collect$$$$00000001  mc_w.l(entry2.o)
    0x00000270   0x00000004   Code   RO          145    .ARM.Collect$$$$00000004  mc_w.l(entry5.o)
    0x00000274   0x00000000   Code   RO          147    .ARM.Collect$$$$00000008  mc_w.l(entry7b.o)
    0x00000274   0x00000000   Code   RO          149    .ARM.Collect$$$$0000000A  mc_w.l(entry8b.o)
    0x00000274   0x00000008   Code   RO          150    .ARM.Collect$$$$0000000B  mc_w.l(entry9a.o)
    0x0000027c   0x00000000   Code   RO          152    .ARM.Collect$$$$0000000D  mc_w.l(entry10a.o)
    0x0000027c   0x00000000   Code   RO          154    .ARM.Collect$$$$0000000F  mc_w.l(entry11a.o)
    0x0000027c   0x00000004   Code   RO          143    .ARM.Collect$$$$00002712  mc_w.l(entry2.o)
    0x00000280   0x000000f4   Code   RO            4  * .text               startup_tm4c123.o
    0x00000374   0x00000050   Code   RO           10    .text               main.o
    0x000003c4   0x000002e4   Code   RO           35    .text               uart.o
    0x000006a8   0x00000110   Code   RO           50    .text               gpio.o
    0x000007b8   0x000002a4   Code   RO           71    .text               gps.o
    0x00000a5c   0x00000024   Code   RO          120    .text               mc_w.l(memseta.o)
    0x00000a80   0x00000044   Code   RO          122    .text               mc_w.l(strtok.o)
    0x00000ac4   0x0000014e   Code   RO          128    .text               mf_w.l(dadd.o)
    0x00000c12   0x000000e4   Code   RO          130    .text               mf_w.l(dmul.o)
    0x00000cf6   0x000000de   Code   RO          132    .text               mf_w.l(ddiv.o)
    0x00000dd4   0x00000022   Code   RO          136    .text               mf_w.l(dflti.o)
    0x00000df6   0x0000001a   Code   RO          138    .text               mf_w.l(dfltui.o)
    0x00000e10   0x00000032   Code   RO          140    .text               mf_w.l(dfixui.o)
    0x00000e42   0x0000001e   Code   RO          156    .text               mc_w.l(llshl.o)
    0x00000e60   0x00000020   Code   RO          158    .text               mc_w.l(llushr.o)
    0x00000e80   0x00000024   Code   RO          160    .text               mc_w.l(llsshr.o)
    0x00000ea4   0x0000009c   Code   RO          162    .text               mc_w.l(strtod.o)
    0x00000f40   0x00000000   Code   RO          164    .text               mc_w.l(iusefp.o)
    0x00000f40   0x000000be   Code   RO          165    .text               mf_w.l(depilogue.o)
    0x00000ffe   0x00000002   PAD
    0x00001000   0x00000024   Code   RO          167    .text               mc_w.l(init.o)
    0x00001024   0x0000000a   Code   RO          169    .text               mc_w.l(isspace_c.o)
    0x0000102e   0x00000002   PAD
    0x00001030   0x0000033c   Code   RO          171    .text               mc_w.l(scanf_fp.o)
    0x0000136c   0x00000040   Code   RO          175    .text               mc_w.l(_sgetc.o)
    0x000013ac   0x00000028   Code   RO          177    .text               mc_w.l(ctype_c.o)
    0x000013d4   0x00000018   Code   RO          180    .text               mf_w.l(dfltul.o)
    0x000013ec   0x00000038   Code   RO          182    .text               mf_w.l(d2f.o)
    0x00001424   0x0000006c   Code   RO          184    .text               mf_w.l(fepilogue.o)
    0x00001490   0x00000028   Code   RO          111    i.__hardfp_strtod   m_wm.l(strtod.o)
    0x000014b8   0x0000000e   Code   RO          188    i.__scatterload_copy  mc_w.l(handlers.o)
    0x000014c6   0x00000002   Code   RO          189    i.__scatterload_null  mc_w.l(handlers.o)
    0x000014c8   0x0000000e   Code   RO          190    i.__scatterload_zeroinit  mc_w.l(handlers.o)
    0x000014d6   0x0000000e   Code   RO          173    i._is_digit         mc_w.l(scanf_fp.o)
    0x000014e4   0x00000040   Data   RO          178    .constdata          mc_w.l(ctype_c.o)
    0x00001524   0x00000020   Data   RO          186    Region$$Table       anon$$obj.o


    Execution Region ER_RW (Base: 0x20000000, Size: 0x00000004, Max: 0xffffffff, ABSOLUTE)

    Base Addr    Size         Type   Attr      Idx    E Section Name        Object

    0x20000000   0x00000004   Data   RW          123    .data               mc_w.l(strtok.o)


    Execution Region ER_ZI (Base: 0x20000004, Size: 0x00000204, Max: 0xffffffff, ABSOLUTE)

    Base Addr    Size         Type   Attr      Idx    E Section Name        Object

    0x20000004   0x00000004   PAD
    0x20000008   0x00000200   Zero   RW            1    STACK               startup_tm4c123.o


==============================================================================

Image component sizes


      Code (inc. data)   RO Data    RW Data    ZI Data      Debug   Object Name

       272         28          0          0          0        528   gpio.o
       676         32          0          0          0       2485   gps.o
        80          4          0          0          0       2423   main.o
       244          6        620          0        512       5348   startup_tm4c123.o
       740         52          0          0          0       1898   uart.o

    ----------------------------------------------------------------------
      2012        122        652          0        512      12682   Object Totals
         0          0         32          0          0          0   (incl. Generated)
         0          0          0          0          0          0   (incl. Padding)

    ----------------------------------------------------------------------

      Code (inc. data)   RO Data    RW Data    ZI Data      Debug   Library Member Name

        40         10          0          0          0        128   strtod.o
        64          0          0          0          0         84   _sgetc.o
        40          6         64          0          0         68   ctype_c.o
         0          0          0          0          0          0   entry.o
         0          0          0          0          0          0   entry10a.o
         0          0          0          0          0          0   entry11a.o
         8          4          0          0          0          0   entry2.o
         4          0          0          0          0          0   entry5.o
         0          0          0          0          0          0   entry7b.o
         0          0          0          0          0          0   entry8b.o
         8          4          0          0          0          0   entry9a.o
        30          0          0          0          0          0   handlers.o
        36          8          0          0          0         68   init.o
        10          0          0          0          0         68   isspace_c.o
         0          0          0          0          0          0   iusefp.o
        30          0          0          0          0         68   llshl.o
        36          0          0          0          0         68   llsshr.o
        32          0          0          0          0         68   llushr.o
        36          0          0          0          0        108   memseta.o
       842         12          0          0          0        216   scanf_fp.o
       156         14          0          0          0        120   strtod.o
        68          6          0          4          0         80   strtok.o
        56          0          0          0          0         88   d2f.o
       334          0          0          0          0        148   dadd.o
       222          0          0          0          0        100   ddiv.o
       190          0          0          0          0        176   depilogue.o
        50          0          0          0          0         76   dfixui.o
        34          0          0          0          0         76   dflti.o
        26          0          0          0          0         76   dfltui.o
        24          0          0          0          0         76   dfltul.o
       228          0          0          0          0         96   dmul.o
       108          0          0          0          0        168   fepilogue.o

    ----------------------------------------------------------------------
      2716         64         64          4          4       2224   Library Totals
         4          0          0          0          4          0   (incl. Padding)

    ----------------------------------------------------------------------

      Code (inc. data)   RO Data    RW Data    ZI Data      Debug   Library Name

        40         10          0          0          0        128   m_wm.l
      1400         54         64          4          0       1016   mc_w.l
      1272          0          0          0          0       1080   mf_w.l

    ----------------------------------------------------------------------
      2716         64         64          4          4       2224   Library Totals

    ----------------------------------------------------------------------

==============================================================================


      Code (inc. data)   RO Data    RW Data    ZI Data      Debug   

      4728        186        716          4        516      13418   Grand Totals
      4728        186        716          4        516      13418   ELF Image Totals
      4728        186        716          4          0          0   ROM Totals

==============================================================================

    Total RO  Size (Code + RO Data)                 5444 (   5.32kB)
    Total RW  Size (RW Data + ZI Data)               520 (   0.51kB)
    Total ROM Size (Code + RO Data + RW Data)       5448 (   5.32kB)

==============================================================================

